// Jest Snapshot v1, https://goo.gl/fbAQLP

exports[`Test for <ComicCard /> Component matches snapshot 1`] = `
<styles__Card>
  <styles__Overlayer />
  <Link
    to="comics/undefined"
  >
    <styles__CardInfo>
      <styles__CardName>
        <span />
      </styles__CardName>
      <div
        className="character-favorite"
      />
    </styles__CardInfo>
  </Link>
</styles__Card>
`;
